// Jest Snapshot v1, https://goo.gl/fbAQLP

exports[`AddNewCarForm Component renders AddNewCarForm 1`] = `
Object {
  "asFragment": [Function],
  "baseElement": <body>
    <div>
      <form
        action="#"
        class="add-new-car css-i51pdu"
      >
        <div
          class="css-1oq5xzy"
        >
          <label
            class="css-1mcvbvm"
          >
            Name
          </label>
          <div
            class="css-z2ctse"
          >
            <input
              class=" css-4qk13k"
              name="name"
              placeholder="Car Name"
              value=""
            />
          </div>
        </div>
        <div
          class="css-1oq5xzy"
        >
          <label
            class="css-1mcvbvm"
          >
            Description
          </label>
          <div
            class="css-z2ctse"
          >
            <textarea
              class=" css-1j5iuxi"
              name="description"
              placeholder="Car description"
              rows="10"
            />
          </div>
        </div>
        <div
          class="css-1oq5xzy"
        >
          <label
            class="css-1mcvbvm"
          >
            Price/Hour
          </label>
          <div
            class="css-z2ctse"
          >
            <input
              class=" css-4qk13k"
              name="pricePerHr"
              placeholder="Price of rent/hr"
              value=""
            />
          </div>
        </div>
        <div
          class="css-1oq5xzy"
        >
          <label
            class="css-1mcvbvm"
          >
            Seating Capacity
          </label>
          <div
            class="css-z2ctse"
          >
            <input
              class=" css-4qk13k"
              name="seating_capacity"
              placeholder="Seating Capacity of Car"
              value=""
            />
          </div>
        </div>
        <div
          class="css-1oq5xzy"
        >
          <label
            class="css-1mcvbvm"
          >
            Minimum Rent Duration
          </label>
          <div
            class="css-z2ctse"
          >
            <input
              class=" css-4qk13k"
              name="rental_duration"
              placeholder="Minimum Reantal Duration"
              value=""
            />
          </div>
        </div>
        <div
          class="css-1ssprdq"
        >
          <label
            class="css-1mcvbvm"
          >
            Add Image of Car
          </label>
          <input
            class="css-iz78xn"
            name="Add Image"
            type="file"
            value=""
          />
        </div>
        <button
          class="add-new-car-submit css-180h7py"
          type="submit"
        >
          Create Car
        </button>
      </form>
    </div>
  </body>,
  "container": <div>
    <form
      action="#"
      class="add-new-car css-i51pdu"
    >
      <div
        class="css-1oq5xzy"
      >
        <label
          class="css-1mcvbvm"
        >
          Name
        </label>
        <div
          class="css-z2ctse"
        >
          <input
            class=" css-4qk13k"
            name="name"
            placeholder="Car Name"
            value=""
          />
        </div>
      </div>
      <div
        class="css-1oq5xzy"
      >
        <label
          class="css-1mcvbvm"
        >
          Description
        </label>
        <div
          class="css-z2ctse"
        >
          <textarea
            class=" css-1j5iuxi"
            name="description"
            placeholder="Car description"
            rows="10"
          />
        </div>
      </div>
      <div
        class="css-1oq5xzy"
      >
        <label
          class="css-1mcvbvm"
        >
          Price/Hour
        </label>
        <div
          class="css-z2ctse"
        >
          <input
            class=" css-4qk13k"
            name="pricePerHr"
            placeholder="Price of rent/hr"
            value=""
          />
        </div>
      </div>
      <div
        class="css-1oq5xzy"
      >
        <label
          class="css-1mcvbvm"
        >
          Seating Capacity
        </label>
        <div
          class="css-z2ctse"
        >
          <input
            class=" css-4qk13k"
            name="seating_capacity"
            placeholder="Seating Capacity of Car"
            value=""
          />
        </div>
      </div>
      <div
        class="css-1oq5xzy"
      >
        <label
          class="css-1mcvbvm"
        >
          Minimum Rent Duration
        </label>
        <div
          class="css-z2ctse"
        >
          <input
            class=" css-4qk13k"
            name="rental_duration"
            placeholder="Minimum Reantal Duration"
            value=""
          />
        </div>
      </div>
      <div
        class="css-1ssprdq"
      >
        <label
          class="css-1mcvbvm"
        >
          Add Image of Car
        </label>
        <input
          class="css-iz78xn"
          name="Add Image"
          type="file"
          value=""
        />
      </div>
      <button
        class="add-new-car-submit css-180h7py"
        type="submit"
      >
        Create Car
      </button>
    </form>
  </div>,
  "debug": [Function],
  "findAllByAltText": [Function],
  "findAllByDisplayValue": [Function],
  "findAllByLabelText": [Function],
  "findAllByPlaceholderText": [Function],
  "findAllByRole": [Function],
  "findAllByTestId": [Function],
  "findAllByText": [Function],
  "findAllByTitle": [Function],
  "findByAltText": [Function],
  "findByDisplayValue": [Function],
  "findByLabelText": [Function],
  "findByPlaceholderText": [Function],
  "findByRole": [Function],
  "findByTestId": [Function],
  "findByText": [Function],
  "findByTitle": [Function],
  "getAllByAltText": [Function],
  "getAllByDisplayValue": [Function],
  "getAllByLabelText": [Function],
  "getAllByPlaceholderText": [Function],
  "getAllByRole": [Function],
  "getAllByTestId": [Function],
  "getAllByText": [Function],
  "getAllByTitle": [Function],
  "getByAltText": [Function],
  "getByDisplayValue": [Function],
  "getByLabelText": [Function],
  "getByPlaceholderText": [Function],
  "getByRole": [Function],
  "getByTestId": [Function],
  "getByText": [Function],
  "getByTitle": [Function],
  "queryAllByAltText": [Function],
  "queryAllByDisplayValue": [Function],
  "queryAllByLabelText": [Function],
  "queryAllByPlaceholderText": [Function],
  "queryAllByRole": [Function],
  "queryAllByTestId": [Function],
  "queryAllByText": [Function],
  "queryAllByTitle": [Function],
  "queryByAltText": [Function],
  "queryByDisplayValue": [Function],
  "queryByLabelText": [Function],
  "queryByPlaceholderText": [Function],
  "queryByRole": [Function],
  "queryByTestId": [Function],
  "queryByText": [Function],
  "queryByTitle": [Function],
  "rerender": [Function],
  "unmount": [Function],
}
`;
