// Jest Snapshot v1, https://goo.gl/fbAQLP

exports[`DashboardHome Component renders cars present 1`] = `
Object {
  "asFragment": [Function],
  "baseElement": <body>
    <div>
      <div
        class="css-j69grl"
      >
        <nav
          class="css-vmtg2t"
        >
          <div
            class="user-icon-name"
          >
            <img
              alt="user-icon"
              class="nav-panel-user-icon"
              src="path-to-a-mocked-image.png"
            />
            <h4>
              testuser
            </h4>
          </div>
          <section
            class="css-azmimp"
          >
            <a
              aria-current="page"
              class="navData => navData.isActive ? 'active' : '' css-btx5dz active"
              href="/u/dashboard/home"
            >
              Dashboard
            </a>
            <a
              class="navData => navData.isActive ? 'active' : '' css-btx5dz"
              href="/u/dashboard/my-reservations"
            >
              My Reservations
            </a>
            <a
              class="navData => navData.isActive ? 'active' : '' css-btx5dz"
              href="/u/dashboard/add-new-car"
            >
              Add New Car
            </a>
            <a
              class="navData => navData.isActive ? 'active' : '' css-btx5dz"
              href="/u/dashboard/delete-car"
            >
              Delete Car
            </a>
            <a
              class="navData => navData.isActive ? 'active' : '' css-btx5dz"
              href="/u/dashboard/contact"
            >
              Contact
            </a>
          </section>
          <div
            class="css-zpu9mn"
          >
            <a
              class="navData => navData.isActive ? 'active' : '' css-btx5dz"
              href="/"
            >
              Logout
            </a>
          </div>
        </nav>
        <section
          class="css-6rzkv0"
        >
          <main
            class="css-1lubx6"
          >
            <div
              class="css-1smjqpw"
            >
              <div
                class="css-1f6u8by"
              >
                <h2>
                  LATEST MODELS
                </h2>
                <p>
                  Please select a Vehicle
                </p>
              </div>
              <section
                class="css-28cdvd"
              >
                <div
                  class="css-mk6gak"
                >
                  <svg
                    fill="currentColor"
                    height="1em"
                    stroke="currentColor"
                    stroke-width="0"
                    viewBox="0 0 448 512"
                    width="1em"
                    xmlns="http://www.w3.org/2000/svg"
                  >
                    <path
                      d="M257.5 445.1l-22.2 22.2c-9.4 9.4-24.6 9.4-33.9 0L7 273c-9.4-9.4-9.4-24.6 0-33.9L201.4 44.7c9.4-9.4 24.6-9.4 33.9 0l22.2 22.2c9.5 9.5 9.3 25-.4 34.3L136.6 216H424c13.3 0 24 10.7 24 24v32c0 13.3-10.7 24-24 24H136.6l120.5 114.8c9.8 9.3 10 24.8.4 34.3z"
                    />
                  </svg>
                </div>
                <div
                  class="css-agc6a4"
                >
                  <a
                    class="css-1bq9rp6"
                    data-testid="each-item-container-link-1"
                    href="/u/dashboard/item-details/1"
                  >
                    <img
                      alt="Vehicle oneeee"
                      class="css-1xipvrv"
                    />
                    <div
                      class="css-eujnot"
                    >
                      <h2
                        class="css-2sbv2p"
                      >
                        Vehicle oneeee
                      </h2>
                      <p
                        class="css-1ttwmde"
                      >
                        Test Description
                      </p>
                      <div
                        class="css-pvsuzj"
                      >
                        <a
                          class="css-1c8qlnr"
                          href="#"
                          target="_blank"
                        >
                          <svg
                            fill="currentColor"
                            height="1em"
                            stroke="currentColor"
                            stroke-width="0"
                            viewBox="0 0 512 512"
                            width="1em"
                            xmlns="http://www.w3.org/2000/svg"
                          >
                            <path
                              d="M504 256C504 119 393 8 256 8S8 119 8 256c0 123.78 90.69 226.38 209.25 245V327.69h-63V256h63v-54.64c0-62.15 37-96.48 93.67-96.48 27.14 0 55.52 4.84 55.52 4.84v61h-31.28c-30.8 0-40.41 19.12-40.41 38.73V256h68.78l-11 71.69h-57.78V501C413.31 482.38 504 379.78 504 256z"
                            />
                          </svg>
                        </a>
                        <a
                          class="css-1c8qlnr"
                          href="#"
                          target="_blank"
                        >
                          <svg
                            fill="currentColor"
                            height="1em"
                            stroke="currentColor"
                            stroke-width="0"
                            viewBox="0 0 512 512"
                            width="1em"
                            xmlns="http://www.w3.org/2000/svg"
                          >
                            <path
                              d="M459.37 151.716c.325 4.548.325 9.097.325 13.645 0 138.72-105.583 298.558-298.558 298.558-59.452 0-114.68-17.219-161.137-47.106 8.447.974 16.568 1.299 25.34 1.299 49.055 0 94.213-16.568 130.274-44.832-46.132-.975-84.792-31.188-98.112-72.772 6.498.974 12.995 1.624 19.818 1.624 9.421 0 18.843-1.3 27.614-3.573-48.081-9.747-84.143-51.98-84.143-102.985v-1.299c13.969 7.797 30.214 12.67 47.431 13.319-28.264-18.843-46.781-51.005-46.781-87.391 0-19.492 5.197-37.36 14.294-52.954 51.655 63.675 129.3 105.258 216.365 109.807-1.624-7.797-2.599-15.918-2.599-24.04 0-57.828 46.782-104.934 104.934-104.934 30.213 0 57.502 12.67 76.67 33.137 23.715-4.548 46.456-13.32 66.599-25.34-7.798 24.366-24.366 44.833-46.132 57.827 21.117-2.273 41.584-8.122 60.426-16.243-14.292 20.791-32.161 39.308-52.628 54.253z"
                            />
                          </svg>
                        </a>
                        <a
                          class="css-1c8qlnr"
                          href="#"
                          target="_blank"
                        >
                          <svg
                            fill="currentColor"
                            height="1em"
                            stroke="currentColor"
                            stroke-width="0"
                            viewBox="0 0 448 512"
                            width="1em"
                            xmlns="http://www.w3.org/2000/svg"
                          >
                            <path
                              d="M224.1 141c-63.6 0-114.9 51.3-114.9 114.9s51.3 114.9 114.9 114.9S339 319.5 339 255.9 287.7 141 224.1 141zm0 189.6c-41.1 0-74.7-33.5-74.7-74.7s33.5-74.7 74.7-74.7 74.7 33.5 74.7 74.7-33.6 74.7-74.7 74.7zm146.4-194.3c0 14.9-12 26.8-26.8 26.8-14.9 0-26.8-12-26.8-26.8s12-26.8 26.8-26.8 26.8 12 26.8 26.8zm76.1 27.2c-1.7-35.9-9.9-67.7-36.2-93.9-26.2-26.2-58-34.4-93.9-36.2-37-2.1-147.9-2.1-184.9 0-35.8 1.7-67.6 9.9-93.9 36.1s-34.4 58-36.2 93.9c-2.1 37-2.1 147.9 0 184.9 1.7 35.9 9.9 67.7 36.2 93.9s58 34.4 93.9 36.2c37 2.1 147.9 2.1 184.9 0 35.9-1.7 67.7-9.9 93.9-36.2 26.2-26.2 34.4-58 36.2-93.9 2.1-37 2.1-147.8 0-184.8zM398.8 388c-7.8 19.6-22.9 34.7-42.6 42.6-29.5 11.7-99.5 9-132.1 9s-102.7 2.6-132.1-9c-19.6-7.8-34.7-22.9-42.6-42.6-11.7-29.5-9-99.5-9-132.1s-2.6-102.7 9-132.1c7.8-19.6 22.9-34.7 42.6-42.6 29.5-11.7 99.5-9 132.1-9s102.7-2.6 132.1 9c19.6 7.8 34.7 22.9 42.6 42.6 11.7 29.5 9 99.5 9 132.1s2.7 102.7-9 132.1z"
                            />
                          </svg>
                        </a>
                      </div>
                    </div>
                  </a>
                  <a
                    class="css-1bq9rp6"
                    data-testid="each-item-container-link-2"
                    href="/u/dashboard/item-details/2"
                  >
                    <img
                      alt="Vehicle two"
                      class="css-1xipvrv"
                    />
                    <div
                      class="css-eujnot"
                    >
                      <h2
                        class="css-2sbv2p"
                      >
                        Vehicle two
                      </h2>
                      <p
                        class="css-1ttwmde"
                      >
                        Vehicle two Description
                      </p>
                      <div
                        class="css-pvsuzj"
                      >
                        <a
                          class="css-1c8qlnr"
                          href="#"
                          target="_blank"
                        >
                          <svg
                            fill="currentColor"
                            height="1em"
                            stroke="currentColor"
                            stroke-width="0"
                            viewBox="0 0 512 512"
                            width="1em"
                            xmlns="http://www.w3.org/2000/svg"
                          >
                            <path
                              d="M504 256C504 119 393 8 256 8S8 119 8 256c0 123.78 90.69 226.38 209.25 245V327.69h-63V256h63v-54.64c0-62.15 37-96.48 93.67-96.48 27.14 0 55.52 4.84 55.52 4.84v61h-31.28c-30.8 0-40.41 19.12-40.41 38.73V256h68.78l-11 71.69h-57.78V501C413.31 482.38 504 379.78 504 256z"
                            />
                          </svg>
                        </a>
                        <a
                          class="css-1c8qlnr"
                          href="#"
                          target="_blank"
                        >
                          <svg
                            fill="currentColor"
                            height="1em"
                            stroke="currentColor"
                            stroke-width="0"
                            viewBox="0 0 512 512"
                            width="1em"
                            xmlns="http://www.w3.org/2000/svg"
                          >
                            <path
                              d="M459.37 151.716c.325 4.548.325 9.097.325 13.645 0 138.72-105.583 298.558-298.558 298.558-59.452 0-114.68-17.219-161.137-47.106 8.447.974 16.568 1.299 25.34 1.299 49.055 0 94.213-16.568 130.274-44.832-46.132-.975-84.792-31.188-98.112-72.772 6.498.974 12.995 1.624 19.818 1.624 9.421 0 18.843-1.3 27.614-3.573-48.081-9.747-84.143-51.98-84.143-102.985v-1.299c13.969 7.797 30.214 12.67 47.431 13.319-28.264-18.843-46.781-51.005-46.781-87.391 0-19.492 5.197-37.36 14.294-52.954 51.655 63.675 129.3 105.258 216.365 109.807-1.624-7.797-2.599-15.918-2.599-24.04 0-57.828 46.782-104.934 104.934-104.934 30.213 0 57.502 12.67 76.67 33.137 23.715-4.548 46.456-13.32 66.599-25.34-7.798 24.366-24.366 44.833-46.132 57.827 21.117-2.273 41.584-8.122 60.426-16.243-14.292 20.791-32.161 39.308-52.628 54.253z"
                            />
                          </svg>
                        </a>
                        <a
                          class="css-1c8qlnr"
                          href="#"
                          target="_blank"
                        >
                          <svg
                            fill="currentColor"
                            height="1em"
                            stroke="currentColor"
                            stroke-width="0"
                            viewBox="0 0 448 512"
                            width="1em"
                            xmlns="http://www.w3.org/2000/svg"
                          >
                            <path
                              d="M224.1 141c-63.6 0-114.9 51.3-114.9 114.9s51.3 114.9 114.9 114.9S339 319.5 339 255.9 287.7 141 224.1 141zm0 189.6c-41.1 0-74.7-33.5-74.7-74.7s33.5-74.7 74.7-74.7 74.7 33.5 74.7 74.7-33.6 74.7-74.7 74.7zm146.4-194.3c0 14.9-12 26.8-26.8 26.8-14.9 0-26.8-12-26.8-26.8s12-26.8 26.8-26.8 26.8 12 26.8 26.8zm76.1 27.2c-1.7-35.9-9.9-67.7-36.2-93.9-26.2-26.2-58-34.4-93.9-36.2-37-2.1-147.9-2.1-184.9 0-35.8 1.7-67.6 9.9-93.9 36.1s-34.4 58-36.2 93.9c-2.1 37-2.1 147.9 0 184.9 1.7 35.9 9.9 67.7 36.2 93.9s58 34.4 93.9 36.2c37 2.1 147.9 2.1 184.9 0 35.9-1.7 67.7-9.9 93.9-36.2 26.2-26.2 34.4-58 36.2-93.9 2.1-37 2.1-147.8 0-184.8zM398.8 388c-7.8 19.6-22.9 34.7-42.6 42.6-29.5 11.7-99.5 9-132.1 9s-102.7 2.6-132.1-9c-19.6-7.8-34.7-22.9-42.6-42.6-11.7-29.5-9-99.5-9-132.1s-2.6-102.7 9-132.1c7.8-19.6 22.9-34.7 42.6-42.6 29.5-11.7 99.5-9 132.1-9s102.7-2.6 132.1 9c19.6 7.8 34.7 22.9 42.6 42.6 11.7 29.5 9 99.5 9 132.1s2.7 102.7-9 132.1z"
                            />
                          </svg>
                        </a>
                      </div>
                    </div>
                  </a>
                </div>
                <div
                  class="css-1ow8vmk"
                >
                  <svg
                    fill="currentColor"
                    height="1em"
                    stroke="currentColor"
                    stroke-width="0"
                    viewBox="0 0 448 512"
                    width="1em"
                    xmlns="http://www.w3.org/2000/svg"
                  >
                    <path
                      d="M190.5 66.9l22.2-22.2c9.4-9.4 24.6-9.4 33.9 0L441 239c9.4 9.4 9.4 24.6 0 33.9L246.6 467.3c-9.4 9.4-24.6 9.4-33.9 0l-22.2-22.2c-9.5-9.5-9.3-25 .4-34.3L311.4 296H24c-13.3 0-24-10.7-24-24v-32c0-13.3 10.7-24 24-24h287.4L190.9 101.2c-9.8-9.3-10-24.8-.4-34.3z"
                    />
                  </svg>
                </div>
              </section>
            </div>
          </main>
        </section>
      </div>
    </div>
  </body>,
  "container": <div>
    <div
      class="css-j69grl"
    >
      <nav
        class="css-vmtg2t"
      >
        <div
          class="user-icon-name"
        >
          <img
            alt="user-icon"
            class="nav-panel-user-icon"
            src="path-to-a-mocked-image.png"
          />
          <h4>
            testuser
          </h4>
        </div>
        <section
          class="css-azmimp"
        >
          <a
            aria-current="page"
            class="navData => navData.isActive ? 'active' : '' css-btx5dz active"
            href="/u/dashboard/home"
          >
            Dashboard
          </a>
          <a
            class="navData => navData.isActive ? 'active' : '' css-btx5dz"
            href="/u/dashboard/my-reservations"
          >
            My Reservations
          </a>
          <a
            class="navData => navData.isActive ? 'active' : '' css-btx5dz"
            href="/u/dashboard/add-new-car"
          >
            Add New Car
          </a>
          <a
            class="navData => navData.isActive ? 'active' : '' css-btx5dz"
            href="/u/dashboard/delete-car"
          >
            Delete Car
          </a>
          <a
            class="navData => navData.isActive ? 'active' : '' css-btx5dz"
            href="/u/dashboard/contact"
          >
            Contact
          </a>
        </section>
        <div
          class="css-zpu9mn"
        >
          <a
            class="navData => navData.isActive ? 'active' : '' css-btx5dz"
            href="/"
          >
            Logout
          </a>
        </div>
      </nav>
      <section
        class="css-6rzkv0"
      >
        <main
          class="css-1lubx6"
        >
          <div
            class="css-1smjqpw"
          >
            <div
              class="css-1f6u8by"
            >
              <h2>
                LATEST MODELS
              </h2>
              <p>
                Please select a Vehicle
              </p>
            </div>
            <section
              class="css-28cdvd"
            >
              <div
                class="css-mk6gak"
              >
                <svg
                  fill="currentColor"
                  height="1em"
                  stroke="currentColor"
                  stroke-width="0"
                  viewBox="0 0 448 512"
                  width="1em"
                  xmlns="http://www.w3.org/2000/svg"
                >
                  <path
                    d="M257.5 445.1l-22.2 22.2c-9.4 9.4-24.6 9.4-33.9 0L7 273c-9.4-9.4-9.4-24.6 0-33.9L201.4 44.7c9.4-9.4 24.6-9.4 33.9 0l22.2 22.2c9.5 9.5 9.3 25-.4 34.3L136.6 216H424c13.3 0 24 10.7 24 24v32c0 13.3-10.7 24-24 24H136.6l120.5 114.8c9.8 9.3 10 24.8.4 34.3z"
                  />
                </svg>
              </div>
              <div
                class="css-agc6a4"
              >
                <a
                  class="css-1bq9rp6"
                  data-testid="each-item-container-link-1"
                  href="/u/dashboard/item-details/1"
                >
                  <img
                    alt="Vehicle oneeee"
                    class="css-1xipvrv"
                  />
                  <div
                    class="css-eujnot"
                  >
                    <h2
                      class="css-2sbv2p"
                    >
                      Vehicle oneeee
                    </h2>
                    <p
                      class="css-1ttwmde"
                    >
                      Test Description
                    </p>
                    <div
                      class="css-pvsuzj"
                    >
                      <a
                        class="css-1c8qlnr"
                        href="#"
                        target="_blank"
                      >
                        <svg
                          fill="currentColor"
                          height="1em"
                          stroke="currentColor"
                          stroke-width="0"
                          viewBox="0 0 512 512"
                          width="1em"
                          xmlns="http://www.w3.org/2000/svg"
                        >
                          <path
                            d="M504 256C504 119 393 8 256 8S8 119 8 256c0 123.78 90.69 226.38 209.25 245V327.69h-63V256h63v-54.64c0-62.15 37-96.48 93.67-96.48 27.14 0 55.52 4.84 55.52 4.84v61h-31.28c-30.8 0-40.41 19.12-40.41 38.73V256h68.78l-11 71.69h-57.78V501C413.31 482.38 504 379.78 504 256z"
                          />
                        </svg>
                      </a>
                      <a
                        class="css-1c8qlnr"
                        href="#"
                        target="_blank"
                      >
                        <svg
                          fill="currentColor"
                          height="1em"
                          stroke="currentColor"
                          stroke-width="0"
                          viewBox="0 0 512 512"
                          width="1em"
                          xmlns="http://www.w3.org/2000/svg"
                        >
                          <path
                            d="M459.37 151.716c.325 4.548.325 9.097.325 13.645 0 138.72-105.583 298.558-298.558 298.558-59.452 0-114.68-17.219-161.137-47.106 8.447.974 16.568 1.299 25.34 1.299 49.055 0 94.213-16.568 130.274-44.832-46.132-.975-84.792-31.188-98.112-72.772 6.498.974 12.995 1.624 19.818 1.624 9.421 0 18.843-1.3 27.614-3.573-48.081-9.747-84.143-51.98-84.143-102.985v-1.299c13.969 7.797 30.214 12.67 47.431 13.319-28.264-18.843-46.781-51.005-46.781-87.391 0-19.492 5.197-37.36 14.294-52.954 51.655 63.675 129.3 105.258 216.365 109.807-1.624-7.797-2.599-15.918-2.599-24.04 0-57.828 46.782-104.934 104.934-104.934 30.213 0 57.502 12.67 76.67 33.137 23.715-4.548 46.456-13.32 66.599-25.34-7.798 24.366-24.366 44.833-46.132 57.827 21.117-2.273 41.584-8.122 60.426-16.243-14.292 20.791-32.161 39.308-52.628 54.253z"
                          />
                        </svg>
                      </a>
                      <a
                        class="css-1c8qlnr"
                        href="#"
                        target="_blank"
                      >
                        <svg
                          fill="currentColor"
                          height="1em"
                          stroke="currentColor"
                          stroke-width="0"
                          viewBox="0 0 448 512"
                          width="1em"
                          xmlns="http://www.w3.org/2000/svg"
                        >
                          <path
                            d="M224.1 141c-63.6 0-114.9 51.3-114.9 114.9s51.3 114.9 114.9 114.9S339 319.5 339 255.9 287.7 141 224.1 141zm0 189.6c-41.1 0-74.7-33.5-74.7-74.7s33.5-74.7 74.7-74.7 74.7 33.5 74.7 74.7-33.6 74.7-74.7 74.7zm146.4-194.3c0 14.9-12 26.8-26.8 26.8-14.9 0-26.8-12-26.8-26.8s12-26.8 26.8-26.8 26.8 12 26.8 26.8zm76.1 27.2c-1.7-35.9-9.9-67.7-36.2-93.9-26.2-26.2-58-34.4-93.9-36.2-37-2.1-147.9-2.1-184.9 0-35.8 1.7-67.6 9.9-93.9 36.1s-34.4 58-36.2 93.9c-2.1 37-2.1 147.9 0 184.9 1.7 35.9 9.9 67.7 36.2 93.9s58 34.4 93.9 36.2c37 2.1 147.9 2.1 184.9 0 35.9-1.7 67.7-9.9 93.9-36.2 26.2-26.2 34.4-58 36.2-93.9 2.1-37 2.1-147.8 0-184.8zM398.8 388c-7.8 19.6-22.9 34.7-42.6 42.6-29.5 11.7-99.5 9-132.1 9s-102.7 2.6-132.1-9c-19.6-7.8-34.7-22.9-42.6-42.6-11.7-29.5-9-99.5-9-132.1s-2.6-102.7 9-132.1c7.8-19.6 22.9-34.7 42.6-42.6 29.5-11.7 99.5-9 132.1-9s102.7-2.6 132.1 9c19.6 7.8 34.7 22.9 42.6 42.6 11.7 29.5 9 99.5 9 132.1s2.7 102.7-9 132.1z"
                          />
                        </svg>
                      </a>
                    </div>
                  </div>
                </a>
                <a
                  class="css-1bq9rp6"
                  data-testid="each-item-container-link-2"
                  href="/u/dashboard/item-details/2"
                >
                  <img
                    alt="Vehicle two"
                    class="css-1xipvrv"
                  />
                  <div
                    class="css-eujnot"
                  >
                    <h2
                      class="css-2sbv2p"
                    >
                      Vehicle two
                    </h2>
                    <p
                      class="css-1ttwmde"
                    >
                      Vehicle two Description
                    </p>
                    <div
                      class="css-pvsuzj"
                    >
                      <a
                        class="css-1c8qlnr"
                        href="#"
                        target="_blank"
                      >
                        <svg
                          fill="currentColor"
                          height="1em"
                          stroke="currentColor"
                          stroke-width="0"
                          viewBox="0 0 512 512"
                          width="1em"
                          xmlns="http://www.w3.org/2000/svg"
                        >
                          <path
                            d="M504 256C504 119 393 8 256 8S8 119 8 256c0 123.78 90.69 226.38 209.25 245V327.69h-63V256h63v-54.64c0-62.15 37-96.48 93.67-96.48 27.14 0 55.52 4.84 55.52 4.84v61h-31.28c-30.8 0-40.41 19.12-40.41 38.73V256h68.78l-11 71.69h-57.78V501C413.31 482.38 504 379.78 504 256z"
                          />
                        </svg>
                      </a>
                      <a
                        class="css-1c8qlnr"
                        href="#"
                        target="_blank"
                      >
                        <svg
                          fill="currentColor"
                          height="1em"
                          stroke="currentColor"
                          stroke-width="0"
                          viewBox="0 0 512 512"
                          width="1em"
                          xmlns="http://www.w3.org/2000/svg"
                        >
                          <path
                            d="M459.37 151.716c.325 4.548.325 9.097.325 13.645 0 138.72-105.583 298.558-298.558 298.558-59.452 0-114.68-17.219-161.137-47.106 8.447.974 16.568 1.299 25.34 1.299 49.055 0 94.213-16.568 130.274-44.832-46.132-.975-84.792-31.188-98.112-72.772 6.498.974 12.995 1.624 19.818 1.624 9.421 0 18.843-1.3 27.614-3.573-48.081-9.747-84.143-51.98-84.143-102.985v-1.299c13.969 7.797 30.214 12.67 47.431 13.319-28.264-18.843-46.781-51.005-46.781-87.391 0-19.492 5.197-37.36 14.294-52.954 51.655 63.675 129.3 105.258 216.365 109.807-1.624-7.797-2.599-15.918-2.599-24.04 0-57.828 46.782-104.934 104.934-104.934 30.213 0 57.502 12.67 76.67 33.137 23.715-4.548 46.456-13.32 66.599-25.34-7.798 24.366-24.366 44.833-46.132 57.827 21.117-2.273 41.584-8.122 60.426-16.243-14.292 20.791-32.161 39.308-52.628 54.253z"
                          />
                        </svg>
                      </a>
                      <a
                        class="css-1c8qlnr"
                        href="#"
                        target="_blank"
                      >
                        <svg
                          fill="currentColor"
                          height="1em"
                          stroke="currentColor"
                          stroke-width="0"
                          viewBox="0 0 448 512"
                          width="1em"
                          xmlns="http://www.w3.org/2000/svg"
                        >
                          <path
                            d="M224.1 141c-63.6 0-114.9 51.3-114.9 114.9s51.3 114.9 114.9 114.9S339 319.5 339 255.9 287.7 141 224.1 141zm0 189.6c-41.1 0-74.7-33.5-74.7-74.7s33.5-74.7 74.7-74.7 74.7 33.5 74.7 74.7-33.6 74.7-74.7 74.7zm146.4-194.3c0 14.9-12 26.8-26.8 26.8-14.9 0-26.8-12-26.8-26.8s12-26.8 26.8-26.8 26.8 12 26.8 26.8zm76.1 27.2c-1.7-35.9-9.9-67.7-36.2-93.9-26.2-26.2-58-34.4-93.9-36.2-37-2.1-147.9-2.1-184.9 0-35.8 1.7-67.6 9.9-93.9 36.1s-34.4 58-36.2 93.9c-2.1 37-2.1 147.9 0 184.9 1.7 35.9 9.9 67.7 36.2 93.9s58 34.4 93.9 36.2c37 2.1 147.9 2.1 184.9 0 35.9-1.7 67.7-9.9 93.9-36.2 26.2-26.2 34.4-58 36.2-93.9 2.1-37 2.1-147.8 0-184.8zM398.8 388c-7.8 19.6-22.9 34.7-42.6 42.6-29.5 11.7-99.5 9-132.1 9s-102.7 2.6-132.1-9c-19.6-7.8-34.7-22.9-42.6-42.6-11.7-29.5-9-99.5-9-132.1s-2.6-102.7 9-132.1c7.8-19.6 22.9-34.7 42.6-42.6 29.5-11.7 99.5-9 132.1-9s102.7-2.6 132.1 9c19.6 7.8 34.7 22.9 42.6 42.6 11.7 29.5 9 99.5 9 132.1s2.7 102.7-9 132.1z"
                          />
                        </svg>
                      </a>
                    </div>
                  </div>
                </a>
              </div>
              <div
                class="css-1ow8vmk"
              >
                <svg
                  fill="currentColor"
                  height="1em"
                  stroke="currentColor"
                  stroke-width="0"
                  viewBox="0 0 448 512"
                  width="1em"
                  xmlns="http://www.w3.org/2000/svg"
                >
                  <path
                    d="M190.5 66.9l22.2-22.2c9.4-9.4 24.6-9.4 33.9 0L441 239c9.4 9.4 9.4 24.6 0 33.9L246.6 467.3c-9.4 9.4-24.6 9.4-33.9 0l-22.2-22.2c-9.5-9.5-9.3-25 .4-34.3L311.4 296H24c-13.3 0-24-10.7-24-24v-32c0-13.3 10.7-24 24-24h287.4L190.9 101.2c-9.8-9.3-10-24.8-.4-34.3z"
                  />
                </svg>
              </div>
            </section>
          </div>
        </main>
      </section>
    </div>
  </div>,
  "debug": [Function],
  "findAllByAltText": [Function],
  "findAllByDisplayValue": [Function],
  "findAllByLabelText": [Function],
  "findAllByPlaceholderText": [Function],
  "findAllByRole": [Function],
  "findAllByTestId": [Function],
  "findAllByText": [Function],
  "findAllByTitle": [Function],
  "findByAltText": [Function],
  "findByDisplayValue": [Function],
  "findByLabelText": [Function],
  "findByPlaceholderText": [Function],
  "findByRole": [Function],
  "findByTestId": [Function],
  "findByText": [Function],
  "findByTitle": [Function],
  "getAllByAltText": [Function],
  "getAllByDisplayValue": [Function],
  "getAllByLabelText": [Function],
  "getAllByPlaceholderText": [Function],
  "getAllByRole": [Function],
  "getAllByTestId": [Function],
  "getAllByText": [Function],
  "getAllByTitle": [Function],
  "getByAltText": [Function],
  "getByDisplayValue": [Function],
  "getByLabelText": [Function],
  "getByPlaceholderText": [Function],
  "getByRole": [Function],
  "getByTestId": [Function],
  "getByText": [Function],
  "getByTitle": [Function],
  "queryAllByAltText": [Function],
  "queryAllByDisplayValue": [Function],
  "queryAllByLabelText": [Function],
  "queryAllByPlaceholderText": [Function],
  "queryAllByRole": [Function],
  "queryAllByTestId": [Function],
  "queryAllByText": [Function],
  "queryAllByTitle": [Function],
  "queryByAltText": [Function],
  "queryByDisplayValue": [Function],
  "queryByLabelText": [Function],
  "queryByPlaceholderText": [Function],
  "queryByRole": [Function],
  "queryByTestId": [Function],
  "queryByText": [Function],
  "queryByTitle": [Function],
  "rerender": [Function],
  "unmount": [Function],
}
`;
